{
    "dependencies": [
        "nltk.tokenize.sent_tokenize"
    ],
    "imports": [
        "nltk"
    ]
}
