{
    "dependencies": [
        "nltk.corpus.brown.raw",
        "nltk.stopwords",
        "nltk.tokenize.TextTilingTokenizer"
    ],
    "imports": [
        "nltk"
    ]
}
