{
    "dependencies": [
        "nltk.corpus.brown.raw",
        "nltk.tokenize.TextTilingTokenizer"
    ],
    "imports": [
        "nltk.corpus",
        "nltk.tokenize"
    ]
}
