{
    "dependencies": ["nltk.word_tokenize"],
    "imports": ["nltk"]
}
