{
    "dependencies": [
        "nltk.TextTilingTokenizer",
        "nltk.brown.raw"
    ],
    "imports": [
        "nltk"
    ]
}
